#-----------------------------------------------------------
# Vivado v2025.2 (64-bit)
# SW Build 6299465 on Fri Nov 14 19:35:11 GMT 2025
# IP Build 6300035 on Fri Nov 14 10:48:45 MST 2025
# SharedData Build 6298862 on Thu Nov 13 04:50:51 MST 2025
# Start of session at: Thu Apr 30 15:18:13 2026
# Process ID         : 13864
# Current directory  : C:/Users/264015/Desktop/FPGA-function-gen-main/FPGA-function-gen-main/vivado_project/function_gen_top
# Command line       : vivado.exe -gui_launcher_event rodinguilauncherevent8396 C:\Users\264015\Desktop\FPGA-function-gen-main\FPGA-function-gen-main\vivado_project\function_gen_top\function_gen_top.xpr
# Log file           : C:/Users/264015/Desktop/FPGA-function-gen-main/FPGA-function-gen-main/vivado_project/function_gen_top/vivado.log
# Journal file       : C:/Users/264015/Desktop/FPGA-function-gen-main/FPGA-function-gen-main/vivado_project/function_gen_top\vivado.jou
# Running On         : PC-708
# Platform           : Windows Server 2016 or Windows 10
# Operating System   : 26200
# Processor Detail   : Intel(R) Core(TM) i5-14500
# CPU Frequency      : 2611 MHz
# CPU Physical cores : 14
# CPU Logical cores  : 20
# Host memory        : 16833 MB
# Swap memory        : 2550 MB
# Total Virtual      : 19383 MB
# Available Virtual  : 13587 MB
#-----------------------------------------------------------
start_gui
open_project C:/Users/264015/Desktop/FPGA-function-gen-main/FPGA-function-gen-main/vivado_project/function_gen_top/function_gen_top.xpr
update_compile_order -fileset sources_1
close_sim
reset_project
reset_project
